// Jest Snapshot v1, https://goo.gl/fbAQLP

exports[`env should get NODE_ENV development 1`] = `true`;

exports[`env should get NODE_ENV development 2`] = `false`;

exports[`env should get NODE_ENV development 3`] = `false`;

exports[`env should get NODE_ENV development 4`] = `false`;

exports[`env should get NODE_ENV production 1`] = `false`;

exports[`env should get NODE_ENV production 2`] = `false`;

exports[`env should get NODE_ENV production 3`] = `false`;

exports[`env should get NODE_ENV production 4`] = `true`;

exports[`env should get NODE_ENV staging 1`] = `false`;

exports[`env should get NODE_ENV staging 2`] = `false`;

exports[`env should get NODE_ENV staging 3`] = `true`;

exports[`env should get NODE_ENV staging 4`] = `false`;

exports[`env should get NODE_ENV test 1`] = `false`;

exports[`env should get NODE_ENV test 2`] = `true`;

exports[`env should get NODE_ENV test 3`] = `false`;

exports[`env should get NODE_ENV test 4`] = `false`;

exports[`env should get process debug 1`] = `true`;

exports[`env should get process env 1`] = `
Object {
  "NODE_ENV": "production",
}
`;

exports[`env should not get process debug 1`] = `false`;

exports[`env should not get process env 1`] = `undefined`;
