// Jest Snapshot v1, https://goo.gl/fbAQLP

exports[`getEnvVar should default env var 1`] = `"LOLZ"`;

exports[`getEnvVar should find env and not throw 1`] = `"LOLZ"`;

exports[`getEnvVar should get env var 1`] = `"LOLZ"`;

exports[`setEnvVar should set env var 1`] = `
Object {
  "LOL": "LOL_ME",
}
`;
